// Jest Snapshot v1, https://goo.gl/fbAQLP

exports[`matches enzyme snapshots matches snapshot 1`] = `
<StyledComponent
  forwardedComponent={
    Object {
      "$$typeof": Symbol(react.forward_ref),
      "attrs": Array [
        Object {
          "className": "Box",
        },
      ],
      "componentStyle": ComponentStyle {
        "componentId": "sc-bdVaJa",
        "isStatic": true,
        "rules": Array [
          "
    background-color: var(--bg-color);
    box-shadow: var(--box-shadow);
    padding: 18px;
    border-radius: var(--border-radius);
",
        ],
      },
      "displayName": "styled.div",
      "foldedComponentIds": Array [],
      "render": [Function],
      "styledComponentId": "sc-bdVaJa",
      "target": "div",
      "toString": [Function],
      "warnTooManyClasses": [Function],
      "withComponent": [Function],
    }
  }
  forwardedRef={null}
>
  Test
</StyledComponent>
`;

exports[`matches test renderer snapshot serializes the styles 1`] = `
<div
  className="sc-bdVaJa Box cBKBJg"
>
  Test
</div>
`;
