// Jest Snapshot v1, https://goo.gl/fbAQLP

exports[`matches enzyme snapshots matches snapshot 1`] = `
<Center__CenterDivContainer>
  <Center__CenterDiv>
    Test
  </Center__CenterDiv>
</Center__CenterDivContainer>
`;

exports[`matches test renderer snapshot serializes the styles 1`] = `
<div
  className="Center__CenterDivContainer-sc-1kqp0n6-0 ldVPer"
>
  <div
    className="Center__CenterDiv-sc-1kqp0n6-1 iJdkeO"
  >
    Test
  </div>
</div>
`;
