// Jest Snapshot v1, https://goo.gl/fbAQLP

exports[`matches enzyme snapshots matches snapshot 1`] = `
<div
  className="EditableTextField"
>
  <div
    className="editor-wrapper"
  >
    <ForwardRef
      readOnly={true}
      value="test"
    />
    <Button
      className="edit-mode-button"
      icon="Edit"
      onClick={[Function]}
      title="Edit"
    />
  </div>
</div>
`;
