// Jest Snapshot v1, https://goo.gl/fbAQLP

exports[`matches enzyme snapshots matches snapshot 1`] = `
<Loading__StyledLoading
  className=""
>
  <LoadingIcon />
</Loading__StyledLoading>
`;

exports[`matches test renderer snapshot serializes the styles 1`] = `
<div
  className="Loading__StyledLoading-sc-1xendm7-0 cdKARu"
>
  <div
    className="Loading__StyledSpinner-sc-1xendm7-1 dUUxro"
  >
    <i
      className="fa fa-spinner fa-pulse"
    />
  </div>
</div>
`;
